
> pcgamercdmx@0.0.0 start
> ng serve --host 127.0.0.1 --port 4200

[33m>[39m Building...
[32m√[39m Building...
[1mInitial chunk files[22m                                   [2m | [22m[1mNames[22m                                     [2m | [22m [1mRaw size[22m
[32mstyles.css[39m                                            [2m | [22m[2mstyles[22m                                    [2m | [22m[36m186.88 kB[39m[2m | [22m
[32mmain.js[39m                                               [2m | [22m[2mmain[22m                                      [2m | [22m [36m80.46 kB[39m[2m | [22m
[32mchunk-BJVR6HY5.js[39m                                     [2m | [22m[2m-[22m                                         [2m | [22m  [36m7.16 kB[39m[2m | [22m
[32mchunk-SSI5KEAZ.js[39m                                     [2m | [22m[2m-[22m                                         [2m | [22m  [36m6.57 kB[39m[2m | [22m
[32mchunk-XS3MTK3B.js[39m                                     [2m | [22m[2m-[22m                                         [2m | [22m  [36m2.00 kB[39m[2m | [22m
[32mchunk-SVXO5RNP.js[39m                                     [2m | [22m[2m-[22m                                         [2m | [22m  [36m1.86 kB[39m[2m | [22m
[32mchunk-CZJLB7T5.js[39m                                     [2m | [22m[2m-[22m                                         [2m | [22m  [36m1.08 kB[39m[2m | [22m
[32mchunk-UIA7BVFN.js[39m                                     [2m | [22m[2m-[22m                                         [2m | [22m[36m603 bytes[39m[2m | [22m

[1m [22m                                                     [2m | [22m[1mInitial total[22m                             [2m | [22m[1m286.60 kB[22m

[1mLazy chunk files[22m                                      [2m | [22m[1mNames[22m                                     [2m | [22m [1mRaw size[22m
[32mhome.component-DDDOAFGX.js[39m                            [2m | [22m[2mhome-component[22m                            [2m | [22m[36m268.23 kB[39m[2m | [22m
[32madmin-product-editor.component-VLZTGYCJ.js[39m            [2m | [22m[2madmin-product-editor-component[22m            [2m | [22m[36m106.54 kB[39m[2m | [22m
[32madmin-home-content.component-NFCTLC4Y.js[39m              [2m | [22m[2madmin-home-content-component[22m              [2m | [22m [36m69.42 kB[39m[2m | [22m
[32madmin-assembly-editor.component-EJ5Q5XQX.js[39m           [2m | [22m[2madmin-assembly-editor-component[22m           [2m | [22m [36m67.33 kB[39m[2m | [22m
[32madmin-category-hierarchy-manager.component-T7OQCEOF.js[39m[2m | [22m[2madmin-category-hierarchy-manager-component[22m[2m | [22m [36m61.42 kB[39m[2m | [22m
[32madmin-article-editor.component-72IOPQKD.js[39m            [2m | [22m[2madmin-article-editor-component[22m            [2m | [22m [36m57.75 kB[39m[2m | [22m
[32massemblies.component-ICBXNK4K.js[39m                      [2m | [22m[2massemblies-component[22m                      [2m | [22m [36m55.61 kB[39m[2m | [22m
[32mproduct-detail.component-QVTBTYXH.js[39m                  [2m | [22m[2mproduct-detail-component[22m                  [2m | [22m [36m51.09 kB[39m[2m | [22m
[32mcontact.component-NTO7L6XA.js[39m                         [2m | [22m[2mcontact-component[22m                         [2m | [22m [36m47.60 kB[39m[2m | [22m
[32mchunk-RXK3HVYR.js[39m                                     [2m | [22m[2m-[22m                                         [2m | [22m [36m46.27 kB[39m[2m | [22m
[32madmin-community.component-DIIURH4D.js[39m                 [2m | [22m[2madmin-community-component[22m                 [2m | [22m [36m40.29 kB[39m[2m | [22m
[32madmin-products-dashboard.component-JCMD2YCG.js[39m        [2m | [22m[2madmin-products-dashboard-component[22m        [2m | [22m [36m38.25 kB[39m[2m | [22m
[32madmin-product-list.component-BJK6EZQW.js[39m              [2m | [22m[2madmin-product-list-component[22m              [2m | [22m [36m36.25 kB[39m[2m | [22m
[32madmin-categories.component-PKML4WOO.js[39m                [2m | [22m[2madmin-categories-component[22m                [2m | [22m [36m35.44 kB[39m[2m | [22m
[32madmin-article-list.component-TXRHUXZC.js[39m              [2m | [22m[2madmin-article-list-component[22m              [2m | [22m [36m33.99 kB[39m[2m | [22m
[2m...and 24 more lazy chunks files. Use "--verbose" to show all the files.[22m

Application bundle generation complete. [4.340 seconds] - 2026-07-17T04:03:27.090Z

Watch mode enabled. Watching for file changes...
NOTE: Raw file sizes do not reflect development server per-request transformations.
  [32m➜[39m  [1mLocal[22m:   [36mhttp://127.0.0.1:[1m4200[22m/[39m
